]0;/home/userbda/Documents/template]0;userbda@ip-10-43-246-95:~/Documents/template[userbda@ip-10-43-246-95 template]$ [K[userbda@ip-10-43-246-95 template]$ git init
Initialized empty Git repository in /home/userbda/Documents/template/.git/
]0;/home/userbda/Documents/template]0;userbda@ip-10-43-246-95:~/Documents/template[userbda@ip-10-43-246-95 template]$ git add .
]0;/home/userbda/Documents/template]0;userbda@ip-10-43-246-95:~/Documents/template[userbda@ip-10-43-246-95 template]$ git commit -m "initial commit"
[master (root-commit) ba51039] initial commit
 6 files changed, 84 insertions(+)
 create mode 100644 .Rproj.user/FE481C80/console06/2B7B763
 create mode 100644 .Rproj.user/FE481C80/console06/2B7B763.env
 create mode 100644 .Rproj.user/FE481C80/console06/INDEX001
 create mode 100644 .Rproj.user/FE481C80/sources/s-de302787/lock_file
 create mode 100644 .Rproj.user/shared/notebooks/patch-chunk-names
 create mode 100644 template.Rproj
]0;/home/userbda/Documents/template]0;userbda@ip-10-43-246-95:~/Documents/template[userbda@ip-10-43-246-95 template]$ git remote add origin remote repository https://github.com/ggajardocea/template
usage: git remote add [<options>] <name> <url>

    -f, --fetch           fetch the remote branches
    --tags                import all tags and associated objects when fetching
                          or do not fetch any tag at all (--no-tags)
    -t, --track <branch>  branch(es) to track
    -m, --master <branch>
                          master branch
    --mirror[=(push|fetch)]
                          set up remote as a mirror to push to or fetch from

]0;/home/userbda/Documents/template]0;userbda@ip-10-43-246-95:~/Documents/template[userbda@ip-10-43-246-95 template]$ https://github.com/ggajardocea/template
bash: https://github.com/ggajardocea/template: No such file or directory
]0;/home/userbda/Documents/template]0;userbda@ip-10-43-246-95:~/Documents/template[userbda@ip-10-43-246-95 template]$ git remote -v
]0;/home/userbda/Documents/template]0;userbda@ip-10-43-246-95:~/Documents/template[userbda@ip-10-43-246-95 template]$ git push -f origin master
fatal: 'origin' does not appear to be a git repository
fatal: Could not read from remote repository.

Please make sure you have the correct access rights
and the repository exists.
]0;/home/userbda/Documents/template]0;userbda@ip-10-43-246-95:~/Documents/template[userbda@ip-10-43-246-95 template]$ git origin https://github.com/ggajardocea/template
git: 'origin' is not a git command. See 'git --help'.
git origin https://github.com/ggajardocea/template[C[C[C[C[C[C[C[C[C[C[C[C[C[C[C[C[C[C[C[C[C[C[C[C[C[C[C[C[C[C[C[C[C[C[C[C[C[C[C[C[25Ppush -f origin master[12Premote -vhttps://github.com/ggajardocea/template[C[C[C[C[C[C[C[C[C[C[C[C[C[C[C[C[C[C[C[C[C[C[C[C[C[C[C[C[C[C[C[C[C[C[C[Cgit remote add origin remote repository https://github.com/ggajardocea/template[1Phttps://github.com/ggajardocea/template[1Phttps://github.com/ggajardocea/template[1Phttps://github.com/ggajardocea/template[1Phttps://github.com/ggajardocea/template[1Phttps://github.com/ggajardocea/template[1Phttps://github.com/ggajardocea/template[1Phttps://github.com/ggajardocea/template[1Phttps://github.com/ggajardocea/template[1Phttps://github.com/ggajardocea/template[1Phttps://github.com/ggajardocea/template[1Phttps://github.com/ggajardocea/template[1Phttps://github.com/ggajardocea/template[1Phttps://github.com/ggajardocea/template[1Phttps://github.com/ggajardocea/template[1Phttps://github.com/ggajardocea/template[1Phttps://github.com/ggajardocea/template[1Phttps://github.com/ggajardocea/template[1Phttps://github.com/ggajardocea/template
]0;/home/userbda/Documents/template]0;userbda@ip-10-43-246-95:~/Documents/template[userbda@ip-10-43-246-95 template]$ git remote add origin https://github.com/ggajardocea/template[C[C[C[C[C[C[C[C[C[C[C[C[C[C[C[C[C[C[C[C[C[C[C[C[C[C[C[C[C[C[C[C[C[C[C[C[C[C[C[C[11P[C[C[C[C[C[C[C[C[C[C[C[C[C[C[C[C[C[C[C[C[C[C[C[C[C[C[C[C[C[C[C[C[C[C[C[C[C[C[C[C[C[C[C[C[C[C[C[C[C[C[C[C[C[C[C[C[C[C[C[C[C[C[C[C[C[C[C[C[C[C[C[C[C[C[C[C[C[C[C[C[C[C[C[C[C[C[25Ppush -f origin master[12Premote -v
origin	https://github.com/ggajardocea/template (fetch)
origin	https://github.com/ggajardocea/template (push)
]0;/home/userbda/Documents/template]0;userbda@ip-10-43-246-95:~/Documents/template[userbda@ip-10-43-246-95 template]$ git remote -vadd origin https://github.com/ggajardocea/template[C[C[C[C[C[C[C[C[C[C[C[C[C[C[C[C[C[C[C[C[C[C[C[C[C[C[C[C[C[C[C[C[C[C[C[C[C[C[C[C[C[C[C[C[C[C[C-v[K[Kgit push origin master
To https://github.com/ggajardocea/template
 [31m! [rejected]       [m master -> master (fetch first)
[31merror: failed to push some refs to 'https://github.com/ggajardocea/template'
[m[33mhint: Updates were rejected because the remote contains work that you do[m
[33mhint: not have locally. This is usually caused by another repository pushing[m
[33mhint: to the same ref. You may want to first integrate the remote changes[m
[33mhint: (e.g., 'git pull ...') before pushing again.[m
[33mhint: See the 'Note about fast-forwards' in 'git push --help' for details.[m
]0;/home/userbda/Documents/template]0;userbda@ip-10-43-246-95:~/Documents/template[userbda@ip-10-43-246-95 template]$ git pull
warning: no common commits
remote: Enumerating objects: 4, done.[K
remote: Counting objects:  25% (1/4)[Kremote: Counting objects:  50% (2/4)[Kremote: Counting objects:  75% (3/4)[Kremote: Counting objects: 100% (4/4)[Kremote: Counting objects: 100% (4/4), done.[K
remote: Compressing objects:  25% (1/4)[Kremote: Compressing objects:  50% (2/4)[Kremote: Compressing objects:  75% (3/4)[Kremote: Compressing objects: 100% (4/4)[Kremote: Compressing objects: 100% (4/4), done.[K
remote: Total 4 (delta 0), reused 0 (delta 0), pack-reused 0[K
Unpacking objects:  25% (1/4)Unpacking objects:  50% (2/4)Unpacking objects:  75% (3/4)Unpacking objects: 100% (4/4)Unpacking objects: 100% (4/4), 1.28 KiB | 1.28 MiB/s, done.
From https://github.com/ggajardocea/template
 * [new branch]      master     -> origin/master
There is no tracking information for the current branch.
Please specify which branch you want to merge with.
See git-pull(1) for details.

    git pull <remote> <branch>

If you wish to set tracking information for this branch you can do so with:

    git branch --set-upstream-to=origin/<branch> master

]0;/home/userbda/Documents/template]0;userbda@ip-10-43-246-95:~/Documents/template[userbda@ip-10-43-246-95 template]$ git branch --set-upstream-to=origin/<branch> master[1P master[1P master[1P master[1P master[1P master[1P master[1P master[1P masterm mastera masters mastert mastere masterr master
Branch 'master' set up to track remote branch 'master' from 'origin'.
]0;/home/userbda/Documents/template]0;userbda@ip-10-43-246-95:~/Documents/template[userbda@ip-10-43-246-95 template]$ [K[userbda@ip-10-43-246-95 template]$ git commit -m "primer commit"[1@a
[master 06f5594] primer commit
 4 files changed, 72 insertions(+), 5 deletions(-)
 rewrite .Rproj.user/FE481C80/console06/INDEX001 (100%)
]0;/home/userbda/Documents/template]0;userbda@ip-10-43-246-95:~/Documents/template[userbda@ip-10-43-246-95 template]$ git push
To https://github.com/ggajardocea/template
 [31m! [rejected]       [m master -> master (non-fast-forward)
[31merror: failed to push some refs to 'https://github.com/ggajardocea/template'
[m[33mhint: Updates were rejected because the tip of your current branch is behind[m
[33mhint: its remote counterpart. Integrate the remote changes (e.g.[m
[33mhint: 'git pull ...') before pushing again.[m
[33mhint: See the 'Note about fast-forwards' in 'git push --help' for details.[m
]0;/home/userbda/Documents/template]0;userbda@ip-10-43-246-95:~/Documents/template[userbda@ip-10-43-246-95 template]$ git pull
fatal: refusing to merge unrelated histories
]0;/home/userbda/Documents/template]0;userbda@ip-10-43-246-95:~/Documents/template[userbda@ip-10-43-246-95 template]$ pu[K[Kgit pull -f
fatal: refusing to merge unrelated histories
]0;/home/userbda/Documents/template]0;userbda@ip-10-43-246-95:~/Documents/template[userbda@ip-10-43-246-95 template]$ git pull origin master --allow-unrelated-histories
From https://github.com/ggajardocea/template
 * branch            master     -> FETCH_HEAD
hint: Waiting for your editor to close the file... [23;0;0t[KMerge made by the 'recursive' strategy.
 LICENSE   | 21 [32m+++++++++++++++++++++[m
 README.md |  2 [32m++[m
 2 files changed, 23 insertions(+)
 create mode 100644 LICENSE
 create mode 100644 README.md
]0;/home/userbda/Documents/template]0;userbda@ip-10-43-246-95:~/Documents/template[userbda@ip-10-43-246-95 template]$ git push
Enumerating objects: 29, done.
Counting objects:   3% (1/29)Counting objects:   6% (2/29)Counting objects:  10% (3/29)Counting objects:  13% (4/29)Counting objects:  17% (5/29)Counting objects:  20% (6/29)Counting objects:  24% (7/29)Counting objects:  27% (8/29)Counting objects:  31% (9/29)Counting objects:  34% (10/29)Counting objects:  37% (11/29)Counting objects:  41% (12/29)Counting objects:  44% (13/29)Counting objects:  48% (14/29)Counting objects:  51% (15/29)Counting objects:  55% (16/29)Counting objects:  58% (17/29)Counting objects:  62% (18/29)Counting objects:  65% (19/29)Counting objects:  68% (20/29)Counting objects:  72% (21/29)Counting objects:  75% (22/29)Counting objects:  79% (23/29)Counting objects:  82% (24/29)Counting objects:  86% (25/29)Counting objects:  89% (26/29)Counting objects:  93% (27/29)Counting objects:  96% (28/29)Counting objects: 100% (29/29)Counting objects: 100% (29/29), done.
Delta compression using up to 8 threads
Compressing objects:   5% (1/19)Compressing objects:  10% (2/19)Compressing objects:  15% (3/19)Compressing objects:  21% (4/19)Compressing objects:  26% (5/19)Compressing objects:  31% (6/19)Compressing objects:  36% (7/19)Compressing objects:  42% (8/19)Compressing objects:  47% (9/19)Compressing objects:  52% (10/19)Compressing objects:  57% (11/19)Compressing objects:  63% (12/19)Compressing objects:  68% (13/19)Compressing objects:  73% (14/19)Compressing objects:  78% (15/19)Compressing objects:  84% (16/19)Compressing objects:  89% (17/19)Compressing objects:  94% (18/19)Compressing objects: 100% (19/19)Compressing objects: 100% (19/19), done.
Writing objects:   3% (1/28)Writing objects:   7% (2/28)Writing objects:  10% (3/28)Writing objects:  14% (4/28)Writing objects:  17% (5/28)Writing objects:  21% (6/28)Writing objects:  25% (7/28)Writing objects:  28% (8/28)Writing objects:  32% (9/28)Writing objects:  35% (10/28)Writing objects:  39% (11/28)Writing objects:  42% (12/28)Writing objects:  46% (13/28)Writing objects:  50% (14/28)Writing objects:  53% (15/28)Writing objects:  57% (16/28)Writing objects:  60% (17/28)Writing objects:  64% (18/28)Writing objects:  67% (19/28)Writing objects:  71% (20/28)Writing objects:  75% (21/28)Writing objects:  78% (22/28)Writing objects:  82% (23/28)Writing objects:  85% (24/28)Writing objects:  89% (25/28)Writing objects:  92% (26/28)Writing objects:  96% (27/28)Writing objects: 100% (28/28)Writing objects: 100% (28/28), 5.11 KiB | 2.55 MiB/s, done.
Total 28 (delta 4), reused 0 (delta 0)
remote: Resolving deltas:   0% (0/4)[Kremote: Resolving deltas:  25% (1/4)[Kremote: Resolving deltas:  50% (2/4)[Kremote: Resolving deltas:  75% (3/4)[Kremote: Resolving deltas: 100% (4/4)[Kremote: Resolving deltas: 100% (4/4), done.[K
To https://github.com/ggajardocea/template
   46bdddc..ce104ec  master -> master
]0;/home/userbda/Documents/template]0;userbda@ip-10-43-246-95:~/Documents/template[userbda@ip-10-43-246-95 template]$ git a[Kcommit -am "se agrega[K[K[K[K[K[K[K[K[K[K[K[K[K[K[K[K[K[K[K[K[K[K[K[K[Kgit commit -am "commit con los readme"
[master 3c36960] commit con los readme
 2 files changed, 37 insertions(+), 2 deletions(-)
 rewrite .Rproj.user/FE481C80/console06/INDEX001 (71%)
]0;/home/userbda/Documents/template]0;userbda@ip-10-43-246-95:~/Documents/template[userbda@ip-10-43-246-95 template]$ git ps[Kush
Enumerating objects: 13, done.
Counting objects:   7% (1/13)Counting objects:  15% (2/13)Counting objects:  23% (3/13)Counting objects:  30% (4/13)Counting objects:  38% (5/13)Counting objects:  46% (6/13)Counting objects:  53% (7/13)Counting objects:  61% (8/13)Counting objects:  69% (9/13)Counting objects:  76% (10/13)Counting objects:  84% (11/13)Counting objects:  92% (12/13)Counting objects: 100% (13/13)Counting objects: 100% (13/13), done.
Delta compression using up to 8 threads
Compressing objects:  14% (1/7)Compressing objects:  28% (2/7)Compressing objects:  42% (3/7)Compressing objects:  57% (4/7)Compressing objects:  71% (5/7)Compressing objects:  85% (6/7)Compressing objects: 100% (7/7)Compressing objects: 100% (7/7), done.
Writing objects:  14% (1/7)Writing objects:  28% (2/7)Writing objects:  42% (3/7)Writing objects:  57% (4/7)Writing objects:  71% (5/7)Writing objects:  85% (6/7)Writing objects: 100% (7/7)Writing objects: 100% (7/7), 1.83 KiB | 1.83 MiB/s, done.
Total 7 (delta 2), reused 0 (delta 0)
remote: Resolving deltas:   0% (0/2)[Kremote: Resolving deltas:  50% (1/2)[Kremote: Resolving deltas: 100% (2/2)[Kremote: Resolving deltas: 100% (2/2), completed with 2 local objects.[K
To https://github.com/ggajardocea/template
   ce104ec..3c36960  master -> master
]0;/home/userbda/Documents/template]0;userbda@ip-10-43-246-95:~/Documents/template[userbda@ip-10-43-246-95 template]$ git status
On branch master
Your branch is up to date with 'origin/master'.

Changes not staged for commit:
  (use "git add <file>..." to update what will be committed)
  (use "git restore <file>..." to discard changes in working directory)
	[31mmodified:   .Rproj.user/FE481C80/console06/2B7B763[m

Untracked files:
  (use "git add <file>..." to include in what will be committed)
	[31m.gitignore[m
	[31mmodels/[m
	[31mpreprocessing/[m

no changes added to commit (use "git add" and/or "git commit -a")
]0;/home/userbda/Documents/template]0;userbda@ip-10-43-246-95:~/Documents/template[userbda@ip-10-43-246-95 template]$ git add .