]0;/home/userbda/Documents/template]0;userbda@ip-10-43-246-95:~/Documents/template[userbda@ip-10-43-246-95 template]$ [K[userbda@ip-10-43-246-95 template]$ git init
Initialized empty Git repository in /home/userbda/Documents/template/.git/
]0;/home/userbda/Documents/template]0;userbda@ip-10-43-246-95:~/Documents/template[userbda@ip-10-43-246-95 template]$ git add .
]0;/home/userbda/Documents/template]0;userbda@ip-10-43-246-95:~/Documents/template[userbda@ip-10-43-246-95 template]$ git commit -m "initial commit"
[master (root-commit) ba51039] initial commit
 6 files changed, 84 insertions(+)
 create mode 100644 .Rproj.user/FE481C80/console06/2B7B763
 create mode 100644 .Rproj.user/FE481C80/console06/2B7B763.env
 create mode 100644 .Rproj.user/FE481C80/console06/INDEX001
 create mode 100644 .Rproj.user/FE481C80/sources/s-de302787/lock_file
 create mode 100644 .Rproj.user/shared/notebooks/patch-chunk-names
 create mode 100644 template.Rproj
]0;/home/userbda/Documents/template]0;userbda@ip-10-43-246-95:~/Documents/template[userbda@ip-10-43-246-95 template]$ git remote add origin remote repository https://github.com/ggajardocea/template
usage: git remote add [<options>] <name> <url>

    -f, --fetch           fetch the remote branches
    --tags                import all tags and associated objects when fetching
                          or do not fetch any tag at all (--no-tags)
    -t, --track <branch>  branch(es) to track
    -m, --master <branch>
                          master branch
    --mirror[=(push|fetch)]
                          set up remote as a mirror to push to or fetch from

]0;/home/userbda/Documents/template]0;userbda@ip-10-43-246-95:~/Documents/template[userbda@ip-10-43-246-95 template]$ https://github.com/ggajardocea/template
bash: https://github.com/ggajardocea/template: No such file or directory
]0;/home/userbda/Documents/template]0;userbda@ip-10-43-246-95:~/Documents/template[userbda@ip-10-43-246-95 template]$ git remote -v
]0;/home/userbda/Documents/template]0;userbda@ip-10-43-246-95:~/Documents/template[userbda@ip-10-43-246-95 template]$ git push -f origin master
fatal: 'origin' does not appear to be a git repository
fatal: Could not read from remote repository.

Please make sure you have the correct access rights
and the repository exists.
]0;/home/userbda/Documents/template]0;userbda@ip-10-43-246-95:~/Documents/template[userbda@ip-10-43-246-95 template]$ git origin https://github.com/ggajardocea/template
git: 'origin' is not a git command. See 'git --help'.
git origin https://github.com/ggajardocea/template[C[C[C[C[C[C[C[C[C[C[C[C[C[C[C[C[C[C[C[C[C[C[C[C[C[C[C[C[C[C[C[C[C[C[C[C[C[C[C[C[25Ppush -f origin master[12Premote -vhttps://github.com/ggajardocea/template[C[C[C[C[C[C[C[C[C[C[C[C[C[C[C[C[C[C[C[C[C[C[C[C[C[C[C[C[C[C[C[C[C[C[C[Cgit remote add origin remote repository https://github.com/ggajardocea/template[1Phttps://github.com/ggajardocea/template[1Phttps://github.com/ggajardocea/template[1Phttps://github.com/ggajardocea/template[1Phttps://github.com/ggajardocea/template[1Phttps://github.com/ggajardocea/template[1Phttps://github.com/ggajardocea/template[1Phttps://github.com/ggajardocea/template[1Phttps://github.com/ggajardocea/template[1Phttps://github.com/ggajardocea/template[1Phttps://github.com/ggajardocea/template[1Phttps://github.com/ggajardocea/template[1Phttps://github.com/ggajardocea/template[1Phttps://github.com/ggajardocea/template[1Phttps://github.com/ggajardocea/template[1Phttps://github.com/ggajardocea/template[1Phttps://github.com/ggajardocea/template[1Phttps://github.com/ggajardocea/template[1Phttps://github.com/ggajardocea/template
]0;/home/userbda/Documents/template]0;userbda@ip-10-43-246-95:~/Documents/template[userbda@ip-10-43-246-95 template]$ git remote add origin https://github.com/ggajardocea/template[C[C[C[C[C[C[C[C[C[C[C[C[C[C[C[C[C[C[C[C[C[C[C[C[C[C[C[C[C[C[C[C[C[C[C[C[C[C[C[C[11P[C[C[C[C[C[C[C[C[C[C[C[C[C[C[C[C[C[C[C[C[C[C[C[C[C[C[C[C[C[C[C[C[C[C[C[C[C[C[C[C[C[C[C[C[C[C[C[C[C[C[C[C[C[C[C[C[C[C[C[C[C[C[C[C[C[C[C[C[C[C[C[C[C[C[C[C[C[C[C[C[C[C[C[C[C[C[25Ppush -f origin master[12Premote -v
origin	https://github.com/ggajardocea/template (fetch)
origin	https://github.com/ggajardocea/template (push)
]0;/home/userbda/Documents/template]0;userbda@ip-10-43-246-95:~/Documents/template[userbda@ip-10-43-246-95 template]$ git remote -vadd origin https://github.com/ggajardocea/template[C[C[C[C[C[C[C[C[C[C[C[C[C[C[C[C[C[C[C[C[C[C[C[C[C[C[C[C[C[C[C[C[C[C[C[C[C[C[C[C[C[C[C[C[C[C[C-v[K[Kgit push origin master
To https://github.com/ggajardocea/template
 [31m! [rejected]       [m master -> master (fetch first)
[31merror: failed to push some refs to 'https://github.com/ggajardocea/template'
[m[33mhint: Updates were rejected because the remote contains work that you do[m
[33mhint: not have locally. This is usually caused by another repository pushing[m
[33mhint: to the same ref. You may want to first integrate the remote changes[m
[33mhint: (e.g., 'git pull ...') before pushing again.[m
[33mhint: See the 'Note about fast-forwards' in 'git push --help' for details.[m
]0;/home/userbda/Documents/template]0;userbda@ip-10-43-246-95:~/Documents/template[userbda@ip-10-43-246-95 template]$ git pull
warning: no common commits
remote: Enumerating objects: 4, done.[K
remote: Counting objects:  25% (1/4)[Kremote: Counting objects:  50% (2/4)[Kremote: Counting objects:  75% (3/4)[Kremote: Counting objects: 100% (4/4)[Kremote: Counting objects: 100% (4/4), done.[K
remote: Compressing objects:  25% (1/4)[Kremote: Compressing objects:  50% (2/4)[Kremote: Compressing objects:  75% (3/4)[Kremote: Compressing objects: 100% (4/4)[Kremote: Compressing objects: 100% (4/4), done.[K
remote: Total 4 (delta 0), reused 0 (delta 0), pack-reused 0[K
Unpacking objects:  25% (1/4)Unpacking objects:  50% (2/4)Unpacking objects:  75% (3/4)Unpacking objects: 100% (4/4)Unpacking objects: 100% (4/4), 1.28 KiB | 1.28 MiB/s, done.
From https://github.com/ggajardocea/template
 * [new branch]      master     -> origin/master
There is no tracking information for the current branch.
Please specify which branch you want to merge with.
See git-pull(1) for details.

    git pull <remote> <branch>

If you wish to set tracking information for this branch you can do so with:

    git branch --set-upstream-to=origin/<branch> master

]0;/home/userbda/Documents/template]0;userbda@ip-10-43-246-95:~/Documents/template[userbda@ip-10-43-246-95 template]$ git branch --set-upstream-to=origin/<branch> master[1P master[1P master[1P master[1P master[1P master[1P master[1P master[1P masterm mastera masters mastert mastere masterr master
Branch 'master' set up to track remote branch 'master' from 'origin'.
]0;/home/userbda/Documents/template]0;userbda@ip-10-43-246-95:~/Documents/template[userbda@ip-10-43-246-95 template]$ [K[userbda@ip-10-43-246-95 template]$ git commit -m "primer commit"[1@a
[master 06f5594] primer commit
 4 files changed, 72 insertions(+), 5 deletions(-)
 rewrite .Rproj.user/FE481C80/console06/INDEX001 (100%)
]0;/home/userbda/Documents/template]0;userbda@ip-10-43-246-95:~/Documents/template[userbda@ip-10-43-246-95 template]$ git push
To https://github.com/ggajardocea/template
 [31m! [rejected]       [m master -> master (non-fast-forward)
[31merror: failed to push some refs to 'https://github.com/ggajardocea/template'
[m[33mhint: Updates were rejected because the tip of your current branch is behind[m
[33mhint: its remote counterpart. Integrate the remote changes (e.g.[m
[33mhint: 'git pull ...') before pushing again.[m
[33mhint: See the 'Note about fast-forwards' in 'git push --help' for details.[m
]0;/home/userbda/Documents/template]0;userbda@ip-10-43-246-95:~/Documents/template[userbda@ip-10-43-246-95 template]$ git pull
fatal: refusing to merge unrelated histories
]0;/home/userbda/Documents/template]0;userbda@ip-10-43-246-95:~/Documents/template[userbda@ip-10-43-246-95 template]$ pu[K[Kgit pull -f
fatal: refusing to merge unrelated histories
]0;/home/userbda/Documents/template]0;userbda@ip-10-43-246-95:~/Documents/template[userbda@ip-10-43-246-95 template]$ git pull origin master --allow-unrelated-histories
From https://github.com/ggajardocea/template
 * branch            master     -> FETCH_HEAD
hint: Waiting for your editor to close the file... [23;0;0t[KMerge made by the 'recursive' strategy.
 LICENSE   | 21 [32m+++++++++++++++++++++[m
 README.md |  2 [32m++[m
 2 files changed, 23 insertions(+)
 create mode 100644 LICENSE
 create mode 100644 README.md
]0;/home/userbda/Documents/template]0;userbda@ip-10-43-246-95:~/Documents/template[userbda@ip-10-43-246-95 template]$ git push
Enumerating objects: 29, done.
Counting objects:   3% (1/29)Counting objects:   6% (2/29)Counting objects:  10% (3/29)Counting objects:  13% (4/29)Counting objects:  17% (5/29)Counting objects:  20% (6/29)Counting objects:  24% (7/29)Counting objects:  27% (8/29)Counting objects:  31% (9/29)Counting objects:  34% (10/29)Counting objects:  37% (11/29)Counting objects:  41% (12/29)Counting objects:  44% (13/29)Counting objects:  48% (14/29)Counting objects:  51% (15/29)Counting objects:  55% (16/29)Counting objects:  58% (17/29)Counting objects:  62% (18/29)Counting objects:  65% (19/29)Counting objects:  68% (20/29)Counting objects:  72% (21/29)Counting objects:  75% (22/29)Counting objects:  79% (23/29)Counting objects:  82% (24/29)Counting objects:  86% (25/29)Counting objects:  89% (26/29)Counting objects:  93% (27/29)Counting objects:  96% (28/29)Counting objects: 100% (29/29)Counting objects: 100% (29/29), done.
Delta compression using up to 8 threads
Compressing objects:   5% (1/19)Compressing objects:  10% (2/19)Compressing objects:  15% (3/19)Compressing objects:  21% (4/19)Compressing objects:  26% (5/19)Compressing objects:  31% (6/19)Compressing objects:  36% (7/19)Compressing objects:  42% (8/19)Compressing objects:  47% (9/19)Compressing objects:  52% (10/19)Compressing objects:  57% (11/19)Compressing objects:  63% (12/19)Compressing objects:  68% (13/19)Compressing objects:  73% (14/19)Compressing objects:  78% (15/19)Compressing objects:  84% (16/19)Compressing objects:  89% (17/19)Compressing objects:  94% (18/19)Compressing objects: 100% (19/19)Compressing objects: 100% (19/19), done.
Writing objects:   3% (1/28)Writing objects:   7% (2/28)Writing objects:  10% (3/28)Writing objects:  14% (4/28)Writing objects:  17% (5/28)Writing objects:  21% (6/28)Writing objects:  25% (7/28)Writing objects:  28% (8/28)Writing objects:  32% (9/28)Writing objects:  35% (10/28)Writing objects:  39% (11/28)Writing objects:  42% (12/28)Writing objects:  46% (13/28)Writing objects:  50% (14/28)Writing objects:  53% (15/28)Writing objects:  57% (16/28)Writing objects:  60% (17/28)Writing objects:  64% (18/28)Writing objects:  67% (19/28)Writing objects:  71% (20/28)Writing objects:  75% (21/28)Writing objects:  78% (22/28)Writing objects:  82% (23/28)Writing objects:  85% (24/28)Writing objects:  89% (25/28)Writing objects:  92% (26/28)Writing objects:  96% (27/28)Writing objects: 100% (28/28)Writing objects: 100% (28/28), 5.11 KiB | 2.55 MiB/s, done.
Total 28 (delta 4), reused 0 (delta 0)
remote: Resolving deltas:   0% (0/4)[Kremote: Resolving deltas:  25% (1/4)[Kremote: Resolving deltas:  50% (2/4)[Kremote: Resolving deltas:  75% (3/4)[Kremote: Resolving deltas: 100% (4/4)[Kremote: Resolving deltas: 100% (4/4), done.[K
To https://github.com/ggajardocea/template
   46bdddc..ce104ec  master -> master
]0;/home/userbda/Documents/template]0;userbda@ip-10-43-246-95:~/Documents/template[userbda@ip-10-43-246-95 template]$ git a[Kcommit -am "se agrega[K[K[K[K[K[K[K[K[K[K[K[K[K[K[K[K[K[K[K[K[K[K[K[K[Kgit commit -am "commit con los readme"
[master 3c36960] commit con los readme
 2 files changed, 37 insertions(+), 2 deletions(-)
 rewrite .Rproj.user/FE481C80/console06/INDEX001 (71%)
]0;/home/userbda/Documents/template]0;userbda@ip-10-43-246-95:~/Documents/template[userbda@ip-10-43-246-95 template]$ git ps[Kush
Enumerating objects: 13, done.
Counting objects:   7% (1/13)Counting objects:  15% (2/13)Counting objects:  23% (3/13)Counting objects:  30% (4/13)Counting objects:  38% (5/13)Counting objects:  46% (6/13)Counting objects:  53% (7/13)Counting objects:  61% (8/13)Counting objects:  69% (9/13)Counting objects:  76% (10/13)Counting objects:  84% (11/13)Counting objects:  92% (12/13)Counting objects: 100% (13/13)Counting objects: 100% (13/13), done.
Delta compression using up to 8 threads
Compressing objects:  14% (1/7)Compressing objects:  28% (2/7)Compressing objects:  42% (3/7)Compressing objects:  57% (4/7)Compressing objects:  71% (5/7)Compressing objects:  85% (6/7)Compressing objects: 100% (7/7)Compressing objects: 100% (7/7), done.
Writing objects:  14% (1/7)Writing objects:  28% (2/7)Writing objects:  42% (3/7)Writing objects:  57% (4/7)Writing objects:  71% (5/7)Writing objects:  85% (6/7)Writing objects: 100% (7/7)Writing objects: 100% (7/7), 1.83 KiB | 1.83 MiB/s, done.
Total 7 (delta 2), reused 0 (delta 0)
remote: Resolving deltas:   0% (0/2)[Kremote: Resolving deltas:  50% (1/2)[Kremote: Resolving deltas: 100% (2/2)[Kremote: Resolving deltas: 100% (2/2), completed with 2 local objects.[K
To https://github.com/ggajardocea/template
   ce104ec..3c36960  master -> master
]0;/home/userbda/Documents/template]0;userbda@ip-10-43-246-95:~/Documents/template[userbda@ip-10-43-246-95 template]$ git status
On branch master
Your branch is up to date with 'origin/master'.

Changes not staged for commit:
  (use "git add <file>..." to update what will be committed)
  (use "git restore <file>..." to discard changes in working directory)
	[31mmodified:   .Rproj.user/FE481C80/console06/2B7B763[m

Untracked files:
  (use "git add <file>..." to include in what will be committed)
	[31m.gitignore[m
	[31mmodels/[m
	[31mpreprocessing/[m

no changes added to commit (use "git add" and/or "git commit -a")
]0;/home/userbda/Documents/template]0;userbda@ip-10-43-246-95:~/Documents/template[userbda@ip-10-43-246-95 template]$ git add .
]0;/home/userbda/Documents/template]0;userbda@ip-10-43-246-95:~/Documents/template[userbda@ip-10-43-246-95 template]$ git add .status[2Ppushcommit -am "commit con los readme"[1P
[master 2dcf882] commit con los readme
 4 files changed, 46 insertions(+), 1 deletion(-)
 create mode 100644 .gitignore
 create mode 100644 models/README.md
 create mode 100644 preprocessing/README.md
]0;/home/userbda/Documents/template]0;userbda@ip-10-43-246-95:~/Documents/template[userbda@ip-10-43-246-95 template]$ git push
Enumerating objects: 16, done.
Counting objects:   6% (1/16)Counting objects:  12% (2/16)Counting objects:  18% (3/16)Counting objects:  25% (4/16)Counting objects:  31% (5/16)Counting objects:  37% (6/16)Counting objects:  43% (7/16)Counting objects:  50% (8/16)Counting objects:  56% (9/16)Counting objects:  62% (10/16)Counting objects:  68% (11/16)Counting objects:  75% (12/16)Counting objects:  81% (13/16)Counting objects:  87% (14/16)Counting objects:  93% (15/16)Counting objects: 100% (16/16)Counting objects: 100% (16/16), done.
Delta compression using up to 8 threads
Compressing objects:  12% (1/8)Compressing objects:  25% (2/8)Compressing objects:  37% (3/8)Compressing objects:  50% (4/8)Compressing objects:  62% (5/8)Compressing objects:  75% (6/8)Compressing objects:  87% (7/8)Compressing objects: 100% (8/8)Compressing objects: 100% (8/8), done.
Writing objects:   9% (1/11)Writing objects:  18% (2/11)Writing objects:  27% (3/11)Writing objects:  36% (4/11)Writing objects:  45% (5/11)Writing objects:  54% (6/11)Writing objects:  63% (7/11)Writing objects:  72% (8/11)Writing objects:  81% (9/11)Writing objects:  90% (10/11)Writing objects: 100% (11/11)Writing objects: 100% (11/11), 1.62 KiB | 1.62 MiB/s, done.
Total 11 (delta 1), reused 0 (delta 0)
remote: Resolving deltas:   0% (0/1)[Kremote: Resolving deltas: 100% (1/1)[Kremote: Resolving deltas: 100% (1/1), completed with 1 local object.[K
To https://github.com/ggajardocea/template
   3c36960..2dcf882  master -> master
ls
[0m[01;34mfiles[0m  LICENSE  [01;34mmodels[0m  [01;34mpreprocessing[0m  README.md  template.Rproj
]0;/home/userbda/Documents/template]0;userbda@ip-10-43-246-95:~/Documents/template[userbda@ip-10-43-246-95 template]$ ls /mnt/shared-empresas/
ls: reading directory '/mnt/shared-empresas/': Invalid argument
]0;/home/userbda/Documents/template]0;userbda@ip-10-43-246-95:~/Documents/template[userbda@ip-10-43-246-95 template]$ ls /mnt/shared-empresas/[Kgit pushcommit -m "commit con los readme"add .[Kstatus[2Ppushcommit -am "commit con los readme"push[Kll origin master --allow-unrelated-histories-f[K[Kshcommit -am "primer commit"branch --set-upstream-to=origin/master master[C[C[C[C[C[C[C[C[C[C[C[C[C[C[C[C[C[C[C[C[C[C[C[C[C[C[C[C[C[C[C[C[C[C[C[C[C[C[C[Cpull[Ksh origin master[9Premote -vadd origin https://github.com/ggajardocea/template[C[C[C[C[C[C[C[C[C[C[C[C[C[C[C[C[C[C[C[C[C[C[C[C[C[C[C[C[C[C[C[C[C[C[C[C[C[C[C[C[11P[C[C[C[C[C[C[C[C[C[C[C[C[C[C[C[C[C[C[C[C[C[C[C[C[C[C[C[C[C[C[C[C[C[C[C[C[C[C[C[C[C[C[C[C[C[C[C[C[C[C[C[C[C[C[C[C[C[C[C[C[C[C[C[C[C[C[C[C[C[C[C[C[C[C[C[C[C[C[C[C[C[C[C[C[C[C[25Ppush -f origin master[12Premote -vhttps://github.com/ggajardocea/template[C[C[C[C[C[C[C[C[C[C[C[C[C[C[C[C[C[C[C[C[C[C[C[C[C[C[C[C[C[C[C[C[C[C[C[Cgit remote add origin remote repository https://github.com/ggajardocea/template[C[C[C[C[C[C[C[C[C[C[C[C[C[C[C[C[C[C[C[C[C[C[C[C[C[C[C[C[C[C[C[C[C[C[C[C[C[C[C[C[49Pcommit -m "initial commit"add .[K[1Pinitls /mnt/shared-empresas/files_others/[K[Ksudo mount -anano ~/.aws/credentials [2Prm[C[C[C[C[C[C[C[C[C[C[C[C[C[C[C[C[C[C[C[C[9Psudo shutdownmount -ashutdownrm ~/.aws/credentials 
]0;/home/userbda/Documents/template]0;userbda@ip-10-43-246-95:~/Documents/template[userbda@ip-10-43-246-95 template]$ rm ~/.aws/credentials ls /mnt/shared-empresas/[Kgit pushcommit -m "commit con los readme"add .[Kstatus[2Ppushcommit -am "commit con los readme"push[Kll origin master --allow-unrelated-histories-f[K[Kshcommit -am "primer commit"branch --set-upstream-to=origin/master master[C[C[C[C[C[C[C[C[C[C[C[C[C[C[C[C[C[C[C[C[C[C[C[C[C[C[C[C[C[C[C[C[C[C[C[C[C[C[C[Cpull[Ksh origin master[9Premote -vadd origin https://github.com/ggajardocea/template[C[C[C[C[C[C[C[C[C[C[C[C[C[C[C[C[C[C[C[C[C[C[C[C[C[C[C[C[C[C[C[C[C[C[C[C[C[C[C[C[11P[C[C[C[C[C[C[C[C[C[C[C[C[C[C[C[C[C[C[C[C[C[C[C[C[C[C[C[C[C[C[C[C[C[C[C[C[C[C[C[C[C[C[C[C[C[C[C[C[C[C[C[C[C[C[C[C[C[C[C[C[C[C[C[C[C[C[C[C[C[C[C[C[C[C[C[C[C[C[C[C[C[C[C[C[C[C[25Ppush -f origin master[12Premote -vhttps://github.com/ggajardocea/template[C[C[C[C[C[C[C[C[C[C[C[C[C[C[C[C[C[C[C[C[C[C[C[C[C[C[C[C[C[C[C[C[C[C[C[Cgit remote add origin remote repository https://github.com/ggajardocea/template[C[C[C[C[C[C[C[C[C[C[C[C[C[C[C[C[C[C[C[C[C[C[C[C[C[C[C[C[C[C[C[C[C[C[C[C[C[C[C[C[49Pcommit -m "initial commit"add .[K[1Pinitls /mnt/shared-empresas/files_others/[K[Ksudo mount -anano ~/.aws/credentials [2Prm[C[C[C[C[C[C[C[C[C[C[C[C[C[C[C[C[C[C[C[C[2@nano[C[C[C[C[C[C[C[C[C[C[C[C[C[C[C[C[C[C[C[C[11Psudo mount -anano ~/.aws/credentials 
[?2004h[23;0;0t[?1l>[?2004l]0;/home/userbda/Documents/template]0;userbda@ip-10-43-246-95:~/Documents/template[userbda@ip-10-43-246-95 template]$ sudo mount -a
2020/09/07 01:11:02.836978 main.FATAL Unable to mount file system, see syslog for details
2020/09/07 01:11:03.973799 main.FATAL Unable to mount file system, see syslog for details
2020/09/07 01:11:05.157383 main.FATAL Unable to mount file system, see syslog for details
2020/09/07 01:11:06.318672 main.FATAL Unable to mount file system, see syslog for details
2020/09/07 01:11:07.438952 main.FATAL Unable to mount file system, see syslog for details
2020/09/07 01:11:08.615753 main.FATAL Unable to mount file system, see syslog for details
2020/09/07 01:11:09.821668 main.FATAL Unable to mount file system, see syslog for details
]0;/home/userbda/Documents/template]0;userbda@ip-10-43-246-95:~/Documents/template[userbda@ip-10-43-246-95 template]$ sudo mount -anano ~/.aws/credentials [2Prm[C[C[C[C[C[C[C[C[C[C[C[C[C[C[C[C[C[C[C[Cls /mnt/shared-empresas/[Kgit pushls[K /mnt/shared-empresas/
bfg-1.13.0.jar  [0m[01;34mfiles_others[0m  [01;34mfiles_project[0m
]0;/home/userbda/Documents/template]0;userbda@ip-10-43-246-95:~/Documents/template[userbda@ip-10-43-246-95 template]$ ls /mnt/shared-empresas/files_project/downgrade/fie[K[K[K[K/inp[K[K[K
[0m[01;34mfiles[0m
]0;/home/userbda/Documents/template]0;userbda@ip-10-43-246-95:~/Documents/template[userbda@ip-10-43-246-95 template]$ ls /mnt/shared-empresas/files_project/downgrade/files/in[K[K
[0m[01;34mdatasets[0m  [01;34mdocumentation[0m  [01;34mmodeling_output[0m  README.md
]0;/home/userbda/Documents/template]0;userbda@ip-10-43-246-95:~/Documents/template[userbda@ip-10-43-246-95 template]$ ls /mnt/shared-empresas/files_project/downgrade/files/datasets/in
input/      intermedia/ 
[userbda@ip-10-43-246-95 template]$ ls /mnt/shared-empresas/files_project/downgrade/files/datasets/input/
 00_PF_BASE_CLIENTES_Y_ACT_MOVIL_201910.log              Cambio_Planes_202005.csv
 00_PF_BASE_CLIENTES_Y_ACT_MOVIL.sas                     Cambio_Planes_202007.csv
 [0m[01;34mACOC[0m                                                    [01;34mcambios_backoffice[0m
 ACOC_201809_201911.txt                                  [01;34mcampañas[0m
 ACOC_201911.txt                                         cf_por_rango_202006.txt
 ACOC_2019.txt                                           [01;34mDeloitte[0m
 ACOC_HISTORICO_202003.rds                               Dicc_planes_201911.txt
 ACOC_HISTORICO_202005.rds                               Dicc_planes_202001.txt
 ACOC_HISTORICO_202006.rds                               Dicc_planes_202002.txt
 ACOC_HISTORICO_202007.rds                               Dicc_planes_202003.txt
'Base Portout con Target.rds'                            Dicc_planes_historico.txt
'Base Portout.rds'                                       dsctos_empresas.xlsx
 [01;34mbases_churn[0m                                             equipos_plan.csv
 [01;34mbases_downgrade[0m                                         [01;34mfiles[0m
'Bases migradas consolidada VP Empresas 17012020.xlsx'   [01;34mFiltros_campana[0m
'Bases migradas consolidada VP Empresas 19122019.rds'    [01;34minfo_equipos[0m
'Bases migradas consolidada VP Empresas 19122019.xlsx'   [01;34mInteracciones[0m
'Bases migradas consolidada VP Empresas 20191127.rds'    Maestro_planes_moviles_TDE_20191120_v7.xls
'Bases migradas consolidada VP Empresas 26112019.xlsx'   Migraciones_actualizada_201909.xlsx
'Bases migradas consolidada VP Empresas 27112019.xlsx'  'Modelo Potencial.xlsx'
'Bases migradas consolidada VP Empresas.xlsx'            PF_ACTIVIDAD_VAS_MULTIMEDIA_201901_202002.csv
 Cambio_Planes_2019.csv                                  PF_BASE_CLIENTES_Y_ACT_MOVIL_201910.csv
 Cambio_Planes_2019.txt                                  PF_FACT_ACT_CUENTA_202001.txt
 Cambio_Planes_202002.csv                                README.md
 Cambio_Planes_20200420.csv
]0;/home/userbda/Documents/template]0;userbda@ip-10-43-246-95:~/Documents/template[userbda@ip-10-43-246-95 template]$ ls /mnt/shared-empresas/files_project/downgrade/files/datasets/input/files/input/
experiment_01.csv  experiment_04.csv  experiment_07.csv  experiment_10.csv  experiment_13.csv  experiment_16.csv  README.txt
experiment_02.csv  experiment_05.csv  experiment_08.csv  experiment_11.csv  experiment_14.csv  experiment_17.csv  test_artifact.jpg
experiment_03.csv  experiment_06.csv  experiment_09.csv  experiment_12.csv  experiment_15.csv  experiment_18.csv  train.csv
]0;/home/userbda/Documents/template]0;userbda@ip-10-43-246-95:~/Documents/template[userbda@ip-10-43-246-95 template]$ ls /mnt/shared-empresas/files_project/downgrade/files/datasets/input/files/input/[C[C[C[C[C[C[C[C[C[C[C[C[C[C[C[C[C[C[C[C[C[C[C[C[C[C[C[C[C[C[C[C[C[C[C[C[C[C[C[C[C[C[C[C[C[C[C[C[C[C[C[C[C[C[C[C[C[C[C[C[C[C[C[C[C[C[C[C[C[C[C[C[C[C[C[C[C[C[C[C[C[C[C[C[C[C[C[C[C[C[C[C[C[C[C[C[C[C[C[C[C[C[C[C[C[C[C[C[C[C[C[C[C[C[C[C[C[K[K[K[K[K[K files[C[C[C[C[C[C[C[C[C[C[C[C[C[C[C[C[C[C[C[C[C[C[C[C[C[C[C[C[C[C[C[C[C[C[C[C[C[C[1P[1@n[C[1@ [1@-[1@s[1@f
]0;/home/userbda/Documents/template]0;userbda@ip-10-43-246-95:~/Documents/template[userbda@ip-10-43-246-95 template]$ [K[userbda@ip-10-43-246-95 template]$ 